  Determining projects to restore...
D:\ITI\MVC_LABS\WebApplication2NK\WebApplication1\WebApplication1.csproj : warning NU1903: Package 'AutoMapper' 13.0.1 has a known high severity vulnerability, https://github.com/advisories/GHSA-rvv3-g6hj-g44x [D:\ITI\MVC_LABS\WebApplication2NK\WebApplication1\WebApplication1.slnx]
  All projects are up-to-date for restore.
D:\ITI\MVC_LABS\WebApplication2NK\WebApplication1\WebApplication1.csproj : warning NU1903: Package 'AutoMapper' 13.0.1 has a known high severity vulnerability, https://github.com/advisories/GHSA-rvv3-g6hj-g44x
D:\ITI\MVC_LABS\WebApplication2NK\WebApplication1\Views\Shared\_EnrolledCoursesTable.cshtml(1,54): error CS0234: The type or namespace name 'StudentCourseDetailsViewModel' does not exist in the namespace 'WebApplication1.Models.ViewModels' (are you missing an assembly reference?) [D:\ITI\MVC_LABS\WebApplication2NK\WebApplication1\WebApplication1.csproj]
D:\ITI\MVC_LABS\WebApplication2NK\WebApplication1\obj\Debug\net10.0\Microsoft.CodeAnalysis.Razor.Compiler\Microsoft.NET.Sdk.Razor.SourceGenerators.RazorSourceGenerator\Views\Shared\_EnrolledCoursesTable_cshtml.g.cs(296,117): error CS0234: The type or namespace name 'StudentCourseDetailsViewModel' does not exist in the namespace 'WebApplication1.Models.ViewModels' (are you missing an assembly reference?) [D:\ITI\MVC_LABS\WebApplication2NK\WebApplication1\WebApplication1.csproj]

Build FAILED.

D:\ITI\MVC_LABS\WebApplication2NK\WebApplication1\WebApplication1.csproj : warning NU1903: Package 'AutoMapper' 13.0.1 has a known high severity vulnerability, https://github.com/advisories/GHSA-rvv3-g6hj-g44x [D:\ITI\MVC_LABS\WebApplication2NK\WebApplication1\WebApplication1.slnx]
D:\ITI\MVC_LABS\WebApplication2NK\WebApplication1\WebApplication1.csproj : warning NU1903: Package 'AutoMapper' 13.0.1 has a known high severity vulnerability, https://github.com/advisories/GHSA-rvv3-g6hj-g44x
D:\ITI\MVC_LABS\WebApplication2NK\WebApplication1\Views\Shared\_EnrolledCoursesTable.cshtml(1,54): error CS0234: The type or namespace name 'StudentCourseDetailsViewModel' does not exist in the namespace 'WebApplication1.Models.ViewModels' (are you missing an assembly reference?) [D:\ITI\MVC_LABS\WebApplication2NK\WebApplication1\WebApplication1.csproj]
D:\ITI\MVC_LABS\WebApplication2NK\WebApplication1\obj\Debug\net10.0\Microsoft.CodeAnalysis.Razor.Compiler\Microsoft.NET.Sdk.Razor.SourceGenerators.RazorSourceGenerator\Views\Shared\_EnrolledCoursesTable_cshtml.g.cs(296,117): error CS0234: The type or namespace name 'StudentCourseDetailsViewModel' does not exist in the namespace 'WebApplication1.Models.ViewModels' (are you missing an assembly reference?) [D:\ITI\MVC_LABS\WebApplication2NK\WebApplication1\WebApplication1.csproj]
    2 Warning(s)
    2 Error(s)

Time Elapsed 00:00:04.47
